// Jest Snapshot v1, https://goo.gl/fbAQLP

exports[`NavBar it should render 1`] = `
<nav
  className="navbar fixed-top navbar-expand-sm navbar-light bg-light"
>
  <div
    className="container"
  >
    <a
      aria-current="page"
      className="navbar-brand"
      href="/"
      onClick={[Function]}
    >
      <img
        alt="Pacific Life"
        className="d-inline-block align-middle"
        height="35"
        src="hatchlogo.png"
      />
    </a>
    <button
      aria-label="Toggle navigation"
      className="navbar-toggler collapsed"
      onClick={[Function]}
      type="button"
    >
      <span
        className="navbar-toggler-icon"
      />
    </button>
    <div
      className="navbar-collapse collapse"
    >
      <a
        aria-current="page"
        className="active nav-link"
        href="/"
        onClick={[Function]}
      >
        Home
      </a>
      <a
        className="nav-link"
        href="/dashboard"
        onClick={[Function]}
      >
        Dashboard
      </a>
      <button
        className="btn btn-outline-primary my-2 my-sm-0"
        onClick={[MockFunction]}
      >
        logout
      </button>
    </div>
  </div>
</nav>
`;
